<?xml version="1.0" encoding="UTF-8"?>
<testsuites name="jest tests" tests="2" failures="0" time="3.372">
  <testsuite name="InputButton" errors="0" failures="0" skipped="0" timestamp="2020-09-24T20:12:06" time="2.048" tests="1">
    <testcase classname="InputButton should render correctly in &quot;debug&quot; mode" name="InputButton should render correctly in &quot;debug&quot; mode" time="0.03">
    </testcase>
  </testsuite>
  <testsuite name="CounterNumber" errors="0" failures="0" skipped="0" timestamp="2020-09-24T20:12:06" time="2.052" tests="1">
    <testcase classname="CounterNumber should render correctly in Counter Number" name="CounterNumber should render correctly in Counter Number" time="0.032">
    </testcase>
  </testsuite>
</testsuites>